// Vitest Snapshot v1, https://vitest.dev/guide/snapshot.html

exports[`Emissão — duplicar uma nota e emitir > o corpo da conferência e o da emissão são os mesmos, e são estes 1`] = `
{
  "additional_info": "Pedido de Compra: 4512 - Comprador: Ana; Entregar no píer 3; Documento emitido por ME ou EPP optante pelo Simples Nacional. Não gera direito a crédito fiscal de IPI.",
  "client_id": "cli-1",
  "consumer_final": false,
  "customer_buyer_name": "Ana",
  "customer_po_number": "4512",
  "items": [
    {
      "cfop": "5102",
      "code": "BAT-100",
      "cofins_rate": 0,
      "csosn": "102",
      "discount": 0,
      "icms_rate": 0,
      "ipi_rate": 0,
      "name": "Bateria 100Ah",
      "ncm": "85072010",
      "origin": 0,
      "other_expenses": 0,
      "pis_rate": 0,
      "product_id": undefined,
      "quantity": 2,
      "referenced_item": undefined,
      "referenced_key": undefined,
      "returned_ipi": undefined,
      "unit": "UN",
      "unit_price": 450,
    },
    {
      "cfop": "5102",
      "code": "CAB-6",
      "cofins_rate": 0,
      "csosn": "102",
      "discount": 0,
      "icms_rate": 0,
      "ipi_rate": 0,
      "name": "Cabo 6mm",
      "ncm": "85444900",
      "origin": 0,
      "other_expenses": 0,
      "pis_rate": 0,
      "product_id": undefined,
      "quantity": 10,
      "referenced_item": undefined,
      "referenced_key": undefined,
      "returned_ipi": undefined,
      "unit": "M",
      "unit_price": 9.95,
    },
  ],
  "nature_of_operation": "venda",
  "payment_method": "14",
  "payment_terms": {
    "installments": [
      {
        "amount": 499.75,
        "due_date": "2026-10-10",
        "method": "14",
      },
      {
        "amount": 499.75,
        "due_date": "2026-11-09",
        "method": "14",
      },
    ],
    "method": "14",
    "mode": "parcelado",
  },
  "presence_indicator": 1,
  "recipient": {
    "address": {
      "city_name": "Florianópolis",
      "complement": "Galpão 2",
      "district": "Centro",
      "number": "",
      "postal_code": "88010000",
      "state_code": "SC",
      "street": "Rua do Porto",
    },
    "document": "12345678000199",
    "email": "compras@marina.example",
    "name": "MARINA EXEMPLO LTDA",
    "state_registration": "254000000",
    "state_registration_indicator": 1,
  },
  "referenced_access_key": undefined,
}
`;
